Archive member included because of file (symbol)

c:/program files (x86)/atmel/avr tools/avr toolchain/bin/../lib/gcc/avr/4.5.1/avr4\libgcc.a(_exit.o)
                              c:/program files (x86)/atmel/avr tools/avr toolchain/bin/../lib/gcc/avr/4.5.1/../../../../avr/lib/avr4/crtm8515.o (exit)
c:/program files (x86)/atmel/avr tools/avr toolchain/bin/../lib/gcc/avr/4.5.1/avr4\libgcc.a(_copy_data.o)
                              keyboard.o (__do_copy_data)
c:/program files (x86)/atmel/avr tools/avr toolchain/bin/../lib/gcc/avr/4.5.1/avr4\libgcc.a(_clear_bss.o)
                              lcd.o (__do_clear_bss)
c:/program files (x86)/atmel/avr tools/avr toolchain/bin/../lib/gcc/avr/4.5.1/avr4\libgcc.a(_addsub_sf.o)
                              calculator.o (__addsf3)
c:/program files (x86)/atmel/avr tools/avr toolchain/bin/../lib/gcc/avr/4.5.1/avr4\libgcc.a(_mul_sf.o)
                              calculator.o (__mulsf3)
c:/program files (x86)/atmel/avr tools/avr toolchain/bin/../lib/gcc/avr/4.5.1/avr4\libgcc.a(_le_sf.o)
                              calculator.o (__lesf2)
c:/program files (x86)/atmel/avr tools/avr toolchain/bin/../lib/gcc/avr/4.5.1/avr4\libgcc.a(_si_to_sf.o)
                              calculator.o (__floatsisf)
c:/program files (x86)/atmel/avr tools/avr toolchain/bin/../lib/gcc/avr/4.5.1/avr4\libgcc.a(_thenan_sf.o)
                              c:/program files (x86)/atmel/avr tools/avr toolchain/bin/../lib/gcc/avr/4.5.1/avr4\libgcc.a(_addsub_sf.o) (__thenan_sf)
c:/program files (x86)/atmel/avr tools/avr toolchain/bin/../lib/gcc/avr/4.5.1/avr4\libgcc.a(_prologue.o)
                              c:/program files (x86)/atmel/avr tools/avr toolchain/bin/../lib/gcc/avr/4.5.1/avr4\libgcc.a(_addsub_sf.o) (__prologue_saves__)
c:/program files (x86)/atmel/avr tools/avr toolchain/bin/../lib/gcc/avr/4.5.1/avr4\libgcc.a(_epilogue.o)
                              c:/program files (x86)/atmel/avr tools/avr toolchain/bin/../lib/gcc/avr/4.5.1/avr4\libgcc.a(_addsub_sf.o) (__epilogue_restores__)
c:/program files (x86)/atmel/avr tools/avr toolchain/bin/../lib/gcc/avr/4.5.1/avr4\libgcc.a(_clzsi2.o)
                              c:/program files (x86)/atmel/avr tools/avr toolchain/bin/../lib/gcc/avr/4.5.1/avr4\libgcc.a(_si_to_sf.o) (__clzsi2)
c:/program files (x86)/atmel/avr tools/avr toolchain/bin/../lib/gcc/avr/4.5.1/avr4\libgcc.a(_pack_sf.o)
                              c:/program files (x86)/atmel/avr tools/avr toolchain/bin/../lib/gcc/avr/4.5.1/avr4\libgcc.a(_addsub_sf.o) (__pack_f)
c:/program files (x86)/atmel/avr tools/avr toolchain/bin/../lib/gcc/avr/4.5.1/avr4\libgcc.a(_unpack_sf.o)
                              c:/program files (x86)/atmel/avr tools/avr toolchain/bin/../lib/gcc/avr/4.5.1/avr4\libgcc.a(_addsub_sf.o) (__unpack_f)
c:/program files (x86)/atmel/avr tools/avr toolchain/bin/../lib/gcc/avr/4.5.1/avr4\libgcc.a(_fpcmp_parts_sf.o)
                              c:/program files (x86)/atmel/avr tools/avr toolchain/bin/../lib/gcc/avr/4.5.1/avr4\libgcc.a(_le_sf.o) (__fpcmp_parts_f)
c:/program files (x86)/atmel/avr tools/avr toolchain/bin/../lib/gcc/avr/4.5.1/avr4\libgcc.a(_clz.o)
                              c:/program files (x86)/atmel/avr tools/avr toolchain/bin/../lib/gcc/avr/4.5.1/avr4\libgcc.a(_clzsi2.o) (__clz_tab)
c:/program files (x86)/atmel/avr tools/avr toolchain/bin/../lib/gcc/avr/4.5.1/../../../../avr/lib/avr4\libc.a(dtostrf.o)
                              calculator.o (dtostrf)
c:/program files (x86)/atmel/avr tools/avr toolchain/bin/../lib/gcc/avr/4.5.1/../../../../avr/lib/avr4\libc.a(dtoa_prf.o)
                              c:/program files (x86)/atmel/avr tools/avr toolchain/bin/../lib/gcc/avr/4.5.1/../../../../avr/lib/avr4\libc.a(dtostrf.o) (dtoa_prf)
c:/program files (x86)/atmel/avr tools/avr toolchain/bin/../lib/gcc/avr/4.5.1/../../../../avr/lib/avr4\libc.a(ftoa_engine.o)
                              c:/program files (x86)/atmel/avr tools/avr toolchain/bin/../lib/gcc/avr/4.5.1/../../../../avr/lib/avr4\libc.a(dtoa_prf.o) (__ftoa_engine)

Allocating common symbols
Common symbol       size              file

on_flag             0x1               lcd.o
op                  0x1               calculator.o
b                   0x4               calculator.o
state               0x2               calculator.o
r                   0x4               calculator.o
count               0x2               calculator.o
ans                 0x4               calculator.o
a                   0x4               calculator.o

Memory Configuration

Name             Origin             Length             Attributes
text             0x00000000         0x00002000         xr
data             0x00800060         0x0000ffa0         rw !x
eeprom           0x00810000         0x00010000         rw !x
fuse             0x00820000         0x00000400         rw !x
lock             0x00830000         0x00000400         rw !x
signature        0x00840000         0x00000400         rw !x
*default*        0x00000000         0xffffffff

Linker script and memory map

LOAD c:/program files (x86)/atmel/avr tools/avr toolchain/bin/../lib/gcc/avr/4.5.1/../../../../avr/lib/avr4/crtm8515.o
LOAD main.o
LOAD lcd.o
LOAD keyboard.o
LOAD calculator.o
LOAD uart.o
LOAD c:/program files (x86)/atmel/avr tools/avr toolchain/bin/../lib/gcc/avr/4.5.1/avr4\libgcc.a
LOAD c:/program files (x86)/atmel/avr tools/avr toolchain/bin/../lib/gcc/avr/4.5.1/../../../../avr/lib/avr4\libc.a
LOAD c:/program files (x86)/atmel/avr tools/avr toolchain/bin/../lib/gcc/avr/4.5.1/avr4\libgcc.a

.hash
 *(.hash)

.dynsym
 *(.dynsym)

.dynstr
 *(.dynstr)

.gnu.version
 *(.gnu.version)

.gnu.version_d
 *(.gnu.version_d)

.gnu.version_r
 *(.gnu.version_r)

.rel.init
 *(.rel.init)

.rela.init
 *(.rela.init)

.rel.text
 *(.rel.text)
 *(.rel.text.*)
 *(.rel.gnu.linkonce.t*)

.rela.text
 *(.rela.text)
 *(.rela.text.*)
 *(.rela.gnu.linkonce.t*)

.rel.fini
 *(.rel.fini)

.rela.fini
 *(.rela.fini)

.rel.rodata
 *(.rel.rodata)
 *(.rel.rodata.*)
 *(.rel.gnu.linkonce.r*)

.rela.rodata
 *(.rela.rodata)
 *(.rela.rodata.*)
 *(.rela.gnu.linkonce.r*)

.rel.data
 *(.rel.data)
 *(.rel.data.*)
 *(.rel.gnu.linkonce.d*)

.rela.data
 *(.rela.data)
 *(.rela.data.*)
 *(.rela.gnu.linkonce.d*)

.rel.ctors
 *(.rel.ctors)

.rela.ctors
 *(.rela.ctors)

.rel.dtors
 *(.rel.dtors)

.rela.dtors
 *(.rela.dtors)

.rel.got
 *(.rel.got)

.rela.got
 *(.rela.got)

.rel.bss
 *(.rel.bss)

.rela.bss
 *(.rela.bss)

.rel.plt
 *(.rel.plt)

.rela.plt
 *(.rela.plt)

.text           0x00000000     0x17b2
 *(.vectors)
 .vectors       0x00000000       0x22 c:/program files (x86)/atmel/avr tools/avr toolchain/bin/../lib/gcc/avr/4.5.1/../../../../avr/lib/avr4/crtm8515.o
                0x00000000                __vector_default
                0x00000000                __vectors
 *(.vectors)
 *(.progmem.gcc*)
 *(.progmem*)
 .progmem.data  0x00000022       0xfa c:/program files (x86)/atmel/avr tools/avr toolchain/bin/../lib/gcc/avr/4.5.1/../../../../avr/lib/avr4\libc.a(ftoa_engine.o)
                0x0000011c                . = ALIGN (0x2)
                0x0000011c                __trampolines_start = .
 *(.trampolines)
 .trampolines   0x0000011c        0x0 linker stubs
 *(.trampolines*)
                0x0000011c                __trampolines_end = .
 *(.jumptables)
 *(.jumptables*)
 *(.lowtext)
 *(.lowtext*)
                0x0000011c                __ctors_start = .
 *(.ctors)
                0x0000011c                __ctors_end = .
                0x0000011c                __dtors_start = .
 *(.dtors)
                0x0000011c                __dtors_end = .
 SORT(*)(.ctors)
 SORT(*)(.dtors)
 *(.init0)
 .init0         0x0000011c        0x0 c:/program files (x86)/atmel/avr tools/avr toolchain/bin/../lib/gcc/avr/4.5.1/../../../../avr/lib/avr4/crtm8515.o
                0x0000011c                __init
 *(.init0)
 *(.init1)
 *(.init1)
 *(.init2)
 .init2         0x0000011c        0xc c:/program files (x86)/atmel/avr tools/avr toolchain/bin/../lib/gcc/avr/4.5.1/../../../../avr/lib/avr4/crtm8515.o
 *(.init2)
 *(.init3)
 *(.init3)
 *(.init4)
 .init4         0x00000128       0x16 c:/program files (x86)/atmel/avr tools/avr toolchain/bin/../lib/gcc/avr/4.5.1/avr4\libgcc.a(_copy_data.o)
                0x00000128                __do_copy_data
 .init4         0x0000013e       0x10 c:/program files (x86)/atmel/avr tools/avr toolchain/bin/../lib/gcc/avr/4.5.1/avr4\libgcc.a(_clear_bss.o)
                0x0000013e                __do_clear_bss
 *(.init4)
 *(.init5)
 *(.init5)
 *(.init6)
 *(.init6)
 *(.init7)
 *(.init7)
 *(.init8)
 *(.init8)
 *(.init9)
 .init9         0x0000014e        0x4 c:/program files (x86)/atmel/avr tools/avr toolchain/bin/../lib/gcc/avr/4.5.1/../../../../avr/lib/avr4/crtm8515.o
 *(.init9)
 *(.text)
 .text          0x00000152        0x2 c:/program files (x86)/atmel/avr tools/avr toolchain/bin/../lib/gcc/avr/4.5.1/../../../../avr/lib/avr4/crtm8515.o
                0x00000152                __vector_1
                0x00000152                __vector_12
                0x00000152                __bad_interrupt
                0x00000152                __vector_6
                0x00000152                __vector_3
                0x00000152                __vector_11
                0x00000152                __vector_13
                0x00000152                __vector_7
                0x00000152                __vector_5
                0x00000152                __vector_4
                0x00000152                __vector_9
                0x00000152                __vector_2
                0x00000152                __vector_15
                0x00000152                __vector_8
                0x00000152                __vector_14
                0x00000152                __vector_10
                0x00000152                __vector_16
 .text          0x00000154        0x8 main.o
                0x00000154                main
 .text          0x0000015c      0x12c lcd.o
                0x0000015c                trigger
                0x00000166                send_data
                0x00000174                send_command
                0x00000182                init_display
                0x000001f8                send_string
                0x0000021e                move_to
                0x0000022c                clear
                0x00000236                disp_on_off
 .text          0x00000288       0xa2 keyboard.o
                0x00000288                init_keyboard
                0x00000296                scan_key
 .text          0x0000032a      0x53a calculator.o
                0x0000032a                uart
                0x0000038a                calculate
                0x000003b8                show_result
                0x0000041c                send_digit
                0x00000422                reset
                0x00000476                on_off
                0x0000047a                decide
                0x00000810                run
                0x00000848                init_calculator
 .text          0x00000864       0x44 uart.o
                0x00000864                UsartInit
                0x00000872                Transmit
 .text          0x000008a8        0x0 c:/program files (x86)/atmel/avr tools/avr toolchain/bin/../lib/gcc/avr/4.5.1/avr4\libgcc.a(_exit.o)
 .text          0x000008a8        0x0 c:/program files (x86)/atmel/avr tools/avr toolchain/bin/../lib/gcc/avr/4.5.1/avr4\libgcc.a(_copy_data.o)
 .text          0x000008a8        0x0 c:/program files (x86)/atmel/avr tools/avr toolchain/bin/../lib/gcc/avr/4.5.1/avr4\libgcc.a(_clear_bss.o)
 .text          0x000008a8      0x334 c:/program files (x86)/atmel/avr tools/avr toolchain/bin/../lib/gcc/avr/4.5.1/avr4\libgcc.a(_addsub_sf.o)
                0x00000b38                __addsf3
                0x00000b86                __subsf3
 .text          0x00000bdc      0x1ea c:/program files (x86)/atmel/avr tools/avr toolchain/bin/../lib/gcc/avr/4.5.1/avr4\libgcc.a(_mul_sf.o)
                0x00000bdc                __mulsf3
 .text          0x00000dc6       0x56 c:/program files (x86)/atmel/avr tools/avr toolchain/bin/../lib/gcc/avr/4.5.1/avr4\libgcc.a(_le_sf.o)
                0x00000dc6                __lesf2
 .text          0x00000e1c       0xb8 c:/program files (x86)/atmel/avr tools/avr toolchain/bin/../lib/gcc/avr/4.5.1/avr4\libgcc.a(_si_to_sf.o)
                0x00000e1c                __floatsisf
 .text          0x00000ed4        0x0 c:/program files (x86)/atmel/avr tools/avr toolchain/bin/../lib/gcc/avr/4.5.1/avr4\libgcc.a(_thenan_sf.o)
 .text          0x00000ed4        0x0 c:/program files (x86)/atmel/avr tools/avr toolchain/bin/../lib/gcc/avr/4.5.1/avr4\libgcc.a(_prologue.o)
 .text          0x00000ed4        0x0 c:/program files (x86)/atmel/avr tools/avr toolchain/bin/../lib/gcc/avr/4.5.1/avr4\libgcc.a(_epilogue.o)
 .text          0x00000ed4       0xb4 c:/program files (x86)/atmel/avr tools/avr toolchain/bin/../lib/gcc/avr/4.5.1/avr4\libgcc.a(_clzsi2.o)
                0x00000ed4                __clzsi2
 .text          0x00000f88      0x19a c:/program files (x86)/atmel/avr tools/avr toolchain/bin/../lib/gcc/avr/4.5.1/avr4\libgcc.a(_pack_sf.o)
                0x00000f88                __pack_f
 .text          0x00001122       0xd2 c:/program files (x86)/atmel/avr tools/avr toolchain/bin/../lib/gcc/avr/4.5.1/avr4\libgcc.a(_unpack_sf.o)
                0x00001122                __unpack_f
 .text          0x000011f4       0xb2 c:/program files (x86)/atmel/avr tools/avr toolchain/bin/../lib/gcc/avr/4.5.1/avr4\libgcc.a(_fpcmp_parts_sf.o)
                0x000011f4                __fpcmp_parts_f
 .text          0x000012a6        0x0 c:/program files (x86)/atmel/avr tools/avr toolchain/bin/../lib/gcc/avr/4.5.1/avr4\libgcc.a(_clz.o)
 .text          0x000012a6        0x0 c:/program files (x86)/atmel/avr tools/avr toolchain/bin/../lib/gcc/avr/4.5.1/../../../../avr/lib/avr4\libc.a(dtostrf.o)
 .text          0x000012a6        0x0 c:/program files (x86)/atmel/avr tools/avr toolchain/bin/../lib/gcc/avr/4.5.1/../../../../avr/lib/avr4\libc.a(dtoa_prf.o)
 .text          0x000012a6        0x0 c:/program files (x86)/atmel/avr tools/avr toolchain/bin/../lib/gcc/avr/4.5.1/../../../../avr/lib/avr4\libc.a(ftoa_engine.o)
                0x000012a6                . = ALIGN (0x2)
 *(.text.*)
 .text.libgcc   0x000012a6        0x0 c:/program files (x86)/atmel/avr tools/avr toolchain/bin/../lib/gcc/avr/4.5.1/avr4\libgcc.a(_exit.o)
 .text.libgcc   0x000012a6        0x0 c:/program files (x86)/atmel/avr tools/avr toolchain/bin/../lib/gcc/avr/4.5.1/avr4\libgcc.a(_copy_data.o)
 .text.libgcc   0x000012a6        0x0 c:/program files (x86)/atmel/avr tools/avr toolchain/bin/../lib/gcc/avr/4.5.1/avr4\libgcc.a(_clear_bss.o)
 .text.libgcc   0x000012a6       0x38 c:/program files (x86)/atmel/avr tools/avr toolchain/bin/../lib/gcc/avr/4.5.1/avr4\libgcc.a(_prologue.o)
                0x000012a6                __prologue_saves__
 .text.libgcc   0x000012de       0x36 c:/program files (x86)/atmel/avr tools/avr toolchain/bin/../lib/gcc/avr/4.5.1/avr4\libgcc.a(_epilogue.o)
                0x000012de                __epilogue_restores__
 .text.avr-libc
                0x00001314       0x42 c:/program files (x86)/atmel/avr tools/avr toolchain/bin/../lib/gcc/avr/4.5.1/../../../../avr/lib/avr4\libc.a(dtostrf.o)
                0x00001314                dtostrf
 .text.avr-libc
                0x00001356      0x2a8 c:/program files (x86)/atmel/avr tools/avr toolchain/bin/../lib/gcc/avr/4.5.1/../../../../avr/lib/avr4\libc.a(dtoa_prf.o)
                0x00001356                dtoa_prf
 .text.avr-libc
                0x000015fe      0x1b0 c:/program files (x86)/atmel/avr tools/avr toolchain/bin/../lib/gcc/avr/4.5.1/../../../../avr/lib/avr4\libc.a(ftoa_engine.o)
                0x000015fe                __ftoa_engine
                0x000017ae                . = ALIGN (0x2)
 *(.fini9)
 .fini9         0x000017ae        0x0 c:/program files (x86)/atmel/avr tools/avr toolchain/bin/../lib/gcc/avr/4.5.1/avr4\libgcc.a(_exit.o)
                0x000017ae                _exit
                0x000017ae                exit
 *(.fini9)
 *(.fini8)
 *(.fini8)
 *(.fini7)
 *(.fini7)
 *(.fini6)
 *(.fini6)
 *(.fini5)
 *(.fini5)
 *(.fini4)
 *(.fini4)
 *(.fini3)
 *(.fini3)
 *(.fini2)
 *(.fini2)
 *(.fini1)
 *(.fini1)
 *(.fini0)
 .fini0         0x000017ae        0x4 c:/program files (x86)/atmel/avr tools/avr toolchain/bin/../lib/gcc/avr/4.5.1/avr4\libgcc.a(_exit.o)
 *(.fini0)
                0x000017b2                _etext = .

.data           0x00800060      0x144 load address 0x000017b2
                0x00800060                PROVIDE (__data_start, .)
 *(.data)
 .data          0x00800060        0x0 c:/program files (x86)/atmel/avr tools/avr toolchain/bin/../lib/gcc/avr/4.5.1/../../../../avr/lib/avr4/crtm8515.o
 .data          0x00800060        0x0 main.o
 .data          0x00800060        0x0 lcd.o
 .data          0x00800060       0x18 keyboard.o
                0x00800060                keys
 .data          0x00800078       0x23 calculator.o
 .data          0x0080009b        0x0 uart.o
 .data          0x0080009b        0x0 c:/program files (x86)/atmel/avr tools/avr toolchain/bin/../lib/gcc/avr/4.5.1/avr4\libgcc.a(_exit.o)
 .data          0x0080009b        0x0 c:/program files (x86)/atmel/avr tools/avr toolchain/bin/../lib/gcc/avr/4.5.1/avr4\libgcc.a(_copy_data.o)
 .data          0x0080009b        0x0 c:/program files (x86)/atmel/avr tools/avr toolchain/bin/../lib/gcc/avr/4.5.1/avr4\libgcc.a(_clear_bss.o)
 .data          0x0080009b        0x0 c:/program files (x86)/atmel/avr tools/avr toolchain/bin/../lib/gcc/avr/4.5.1/avr4\libgcc.a(_addsub_sf.o)
 .data          0x0080009b        0x0 c:/program files (x86)/atmel/avr tools/avr toolchain/bin/../lib/gcc/avr/4.5.1/avr4\libgcc.a(_mul_sf.o)
 .data          0x0080009b        0x0 c:/program files (x86)/atmel/avr tools/avr toolchain/bin/../lib/gcc/avr/4.5.1/avr4\libgcc.a(_le_sf.o)
 .data          0x0080009b        0x0 c:/program files (x86)/atmel/avr tools/avr toolchain/bin/../lib/gcc/avr/4.5.1/avr4\libgcc.a(_si_to_sf.o)
 .data          0x0080009b        0x8 c:/program files (x86)/atmel/avr tools/avr toolchain/bin/../lib/gcc/avr/4.5.1/avr4\libgcc.a(_thenan_sf.o)
                0x0080009b                __thenan_sf
 .data          0x008000a3        0x0 c:/program files (x86)/atmel/avr tools/avr toolchain/bin/../lib/gcc/avr/4.5.1/avr4\libgcc.a(_prologue.o)
 .data          0x008000a3        0x0 c:/program files (x86)/atmel/avr tools/avr toolchain/bin/../lib/gcc/avr/4.5.1/avr4\libgcc.a(_epilogue.o)
 .data          0x008000a3        0x0 c:/program files (x86)/atmel/avr tools/avr toolchain/bin/../lib/gcc/avr/4.5.1/avr4\libgcc.a(_clzsi2.o)
 .data          0x008000a3        0x0 c:/program files (x86)/atmel/avr tools/avr toolchain/bin/../lib/gcc/avr/4.5.1/avr4\libgcc.a(_pack_sf.o)
 .data          0x008000a3        0x0 c:/program files (x86)/atmel/avr tools/avr toolchain/bin/../lib/gcc/avr/4.5.1/avr4\libgcc.a(_unpack_sf.o)
 .data          0x008000a3        0x0 c:/program files (x86)/atmel/avr tools/avr toolchain/bin/../lib/gcc/avr/4.5.1/avr4\libgcc.a(_fpcmp_parts_sf.o)
 .data          0x008000a3      0x100 c:/program files (x86)/atmel/avr tools/avr toolchain/bin/../lib/gcc/avr/4.5.1/avr4\libgcc.a(_clz.o)
                0x008000a3                __clz_tab
 .data          0x008001a3        0x0 c:/program files (x86)/atmel/avr tools/avr toolchain/bin/../lib/gcc/avr/4.5.1/../../../../avr/lib/avr4\libc.a(dtostrf.o)
 .data          0x008001a3        0x0 c:/program files (x86)/atmel/avr tools/avr toolchain/bin/../lib/gcc/avr/4.5.1/../../../../avr/lib/avr4\libc.a(dtoa_prf.o)
 .data          0x008001a3        0x0 c:/program files (x86)/atmel/avr tools/avr toolchain/bin/../lib/gcc/avr/4.5.1/../../../../avr/lib/avr4\libc.a(ftoa_engine.o)
 *(.data*)
 *(.rodata)
 *(.rodata*)
 *(.gnu.linkonce.d*)
                0x008001a4                . = ALIGN (0x2)
 *fill*         0x008001a3        0x1 00
                0x008001a4                _edata = .
                0x008001a4                PROVIDE (__data_end, .)

.bss            0x008001a4       0x26
                0x008001a4                PROVIDE (__bss_start, .)
 *(.bss)
 .bss           0x008001a4        0x0 c:/program files (x86)/atmel/avr tools/avr toolchain/bin/../lib/gcc/avr/4.5.1/../../../../avr/lib/avr4/crtm8515.o
 .bss           0x008001a4        0x0 main.o
 .bss           0x008001a4        0x0 lcd.o
 .bss           0x008001a4        0x0 keyboard.o
 .bss           0x008001a4       0x10 calculator.o
 .bss           0x008001b4        0x0 uart.o
 .bss           0x008001b4        0x0 c:/program files (x86)/atmel/avr tools/avr toolchain/bin/../lib/gcc/avr/4.5.1/avr4\libgcc.a(_exit.o)
 .bss           0x008001b4        0x0 c:/program files (x86)/atmel/avr tools/avr toolchain/bin/../lib/gcc/avr/4.5.1/avr4\libgcc.a(_copy_data.o)
 .bss           0x008001b4        0x0 c:/program files (x86)/atmel/avr tools/avr toolchain/bin/../lib/gcc/avr/4.5.1/avr4\libgcc.a(_clear_bss.o)
 .bss           0x008001b4        0x0 c:/program files (x86)/atmel/avr tools/avr toolchain/bin/../lib/gcc/avr/4.5.1/avr4\libgcc.a(_addsub_sf.o)
 .bss           0x008001b4        0x0 c:/program files (x86)/atmel/avr tools/avr toolchain/bin/../lib/gcc/avr/4.5.1/avr4\libgcc.a(_mul_sf.o)
 .bss           0x008001b4        0x0 c:/program files (x86)/atmel/avr tools/avr toolchain/bin/../lib/gcc/avr/4.5.1/avr4\libgcc.a(_le_sf.o)
 .bss           0x008001b4        0x0 c:/program files (x86)/atmel/avr tools/avr toolchain/bin/../lib/gcc/avr/4.5.1/avr4\libgcc.a(_si_to_sf.o)
 .bss           0x008001b4        0x0 c:/program files (x86)/atmel/avr tools/avr toolchain/bin/../lib/gcc/avr/4.5.1/avr4\libgcc.a(_thenan_sf.o)
 .bss           0x008001b4        0x0 c:/program files (x86)/atmel/avr tools/avr toolchain/bin/../lib/gcc/avr/4.5.1/avr4\libgcc.a(_prologue.o)
 .bss           0x008001b4        0x0 c:/program files (x86)/atmel/avr tools/avr toolchain/bin/../lib/gcc/avr/4.5.1/avr4\libgcc.a(_epilogue.o)
 .bss           0x008001b4        0x0 c:/program files (x86)/atmel/avr tools/avr toolchain/bin/../lib/gcc/avr/4.5.1/avr4\libgcc.a(_clzsi2.o)
 .bss           0x008001b4        0x0 c:/program files (x86)/atmel/avr tools/avr toolchain/bin/../lib/gcc/avr/4.5.1/avr4\libgcc.a(_pack_sf.o)
 .bss           0x008001b4        0x0 c:/program files (x86)/atmel/avr tools/avr toolchain/bin/../lib/gcc/avr/4.5.1/avr4\libgcc.a(_unpack_sf.o)
 .bss           0x008001b4        0x0 c:/program files (x86)/atmel/avr tools/avr toolchain/bin/../lib/gcc/avr/4.5.1/avr4\libgcc.a(_fpcmp_parts_sf.o)
 .bss           0x008001b4        0x0 c:/program files (x86)/atmel/avr tools/avr toolchain/bin/../lib/gcc/avr/4.5.1/avr4\libgcc.a(_clz.o)
 .bss           0x008001b4        0x0 c:/program files (x86)/atmel/avr tools/avr toolchain/bin/../lib/gcc/avr/4.5.1/../../../../avr/lib/avr4\libc.a(dtostrf.o)
 .bss           0x008001b4        0x0 c:/program files (x86)/atmel/avr tools/avr toolchain/bin/../lib/gcc/avr/4.5.1/../../../../avr/lib/avr4\libc.a(dtoa_prf.o)
 .bss           0x008001b4        0x0 c:/program files (x86)/atmel/avr tools/avr toolchain/bin/../lib/gcc/avr/4.5.1/../../../../avr/lib/avr4\libc.a(ftoa_engine.o)
 *(.bss*)
 *(COMMON)
 COMMON         0x008001b4        0x1 lcd.o
                0x008001b4                on_flag
 COMMON         0x008001b5       0x15 calculator.o
                0x008001b5                op
                0x008001b6                b
                0x008001ba                state
                0x008001bc                r
                0x008001c0                count
                0x008001c2                ans
                0x008001c6                a
                0x008001ca                PROVIDE (__bss_end, .)
                0x000017b2                __data_load_start = LOADADDR (.data)
                0x000018f6                __data_load_end = (__data_load_start + SIZEOF (.data))

.noinit         0x008001ca        0x0
                0x008001ca                PROVIDE (__noinit_start, .)
 *(.noinit*)
                0x008001ca                PROVIDE (__noinit_end, .)
                0x008001ca                _end = .
                0x008001ca                PROVIDE (__heap_start, .)

.eeprom         0x00810000        0x0
 *(.eeprom*)
                0x00810000                __eeprom_end = .

.fuse
 *(.fuse)
 *(.lfuse)
 *(.hfuse)
 *(.efuse)

.lock
 *(.lock*)

.signature
 *(.signature*)

.stab           0x00000000     0x1104
 *(.stab)
 .stab          0x00000000      0x6cc c:/program files (x86)/atmel/avr tools/avr toolchain/bin/../lib/gcc/avr/4.5.1/../../../../avr/lib/avr4/crtm8515.o
 .stab          0x000006cc      0xa38 c:/program files (x86)/atmel/avr tools/avr toolchain/bin/../lib/gcc/avr/4.5.1/../../../../avr/lib/avr4\libc.a(ftoa_engine.o)
                                0xa44 (size before relaxing)

.stabstr        0x00000000      0x110
 *(.stabstr)
 .stabstr       0x00000000      0x110 c:/program files (x86)/atmel/avr tools/avr toolchain/bin/../lib/gcc/avr/4.5.1/../../../../avr/lib/avr4/crtm8515.o

.stab.excl
 *(.stab.excl)

.stab.exclstr
 *(.stab.exclstr)

.stab.index
 *(.stab.index)

.stab.indexstr
 *(.stab.indexstr)

.comment
 *(.comment)

.debug
 *(.debug)

.line
 *(.line)

.debug_srcinfo
 *(.debug_srcinfo)

.debug_sfnames
 *(.debug_sfnames)

.debug_aranges  0x00000000      0x1e0
 *(.debug_aranges)
 .debug_aranges
                0x00000000       0x20 main.o
 .debug_aranges
                0x00000020       0x20 lcd.o
 .debug_aranges
                0x00000040       0x20 keyboard.o
 .debug_aranges
                0x00000060       0x20 calculator.o
 .debug_aranges
                0x00000080       0x20 uart.o
 .debug_aranges
                0x000000a0       0x20 c:/program files (x86)/atmel/avr tools/avr toolchain/bin/../lib/gcc/avr/4.5.1/avr4\libgcc.a(_addsub_sf.o)
 .debug_aranges
                0x000000c0       0x20 c:/program files (x86)/atmel/avr tools/avr toolchain/bin/../lib/gcc/avr/4.5.1/avr4\libgcc.a(_mul_sf.o)
 .debug_aranges
                0x000000e0       0x20 c:/program files (x86)/atmel/avr tools/avr toolchain/bin/../lib/gcc/avr/4.5.1/avr4\libgcc.a(_le_sf.o)
 .debug_aranges
                0x00000100       0x20 c:/program files (x86)/atmel/avr tools/avr toolchain/bin/../lib/gcc/avr/4.5.1/avr4\libgcc.a(_si_to_sf.o)
 .debug_aranges
                0x00000120       0x20 c:/program files (x86)/atmel/avr tools/avr toolchain/bin/../lib/gcc/avr/4.5.1/avr4\libgcc.a(_clzsi2.o)
 .debug_aranges
                0x00000140       0x20 c:/program files (x86)/atmel/avr tools/avr toolchain/bin/../lib/gcc/avr/4.5.1/avr4\libgcc.a(_pack_sf.o)
 .debug_aranges
                0x00000160       0x20 c:/program files (x86)/atmel/avr tools/avr toolchain/bin/../lib/gcc/avr/4.5.1/avr4\libgcc.a(_unpack_sf.o)
 .debug_aranges
                0x00000180       0x20 c:/program files (x86)/atmel/avr tools/avr toolchain/bin/../lib/gcc/avr/4.5.1/avr4\libgcc.a(_fpcmp_parts_sf.o)
 .debug_aranges
                0x000001a0       0x20 c:/program files (x86)/atmel/avr tools/avr toolchain/bin/../lib/gcc/avr/4.5.1/../../../../avr/lib/avr4\libc.a(dtostrf.o)
 .debug_aranges
                0x000001c0       0x20 c:/program files (x86)/atmel/avr tools/avr toolchain/bin/../lib/gcc/avr/4.5.1/../../../../avr/lib/avr4\libc.a(dtoa_prf.o)

.debug_pubnames
                0x00000000      0x35a
 *(.debug_pubnames)
 .debug_pubnames
                0x00000000       0x1b main.o
 .debug_pubnames
                0x0000001b       0x90 lcd.o
 .debug_pubnames
                0x000000ab       0x3a keyboard.o
 .debug_pubnames
                0x000000e5       0xb9 calculator.o
 .debug_pubnames
                0x0000019e       0x2d uart.o
 .debug_pubnames
                0x000001cb       0x2c c:/program files (x86)/atmel/avr tools/avr toolchain/bin/../lib/gcc/avr/4.5.1/avr4\libgcc.a(_addsub_sf.o)
 .debug_pubnames
                0x000001f7       0x1f c:/program files (x86)/atmel/avr tools/avr toolchain/bin/../lib/gcc/avr/4.5.1/avr4\libgcc.a(_mul_sf.o)
 .debug_pubnames
                0x00000216       0x1e c:/program files (x86)/atmel/avr tools/avr toolchain/bin/../lib/gcc/avr/4.5.1/avr4\libgcc.a(_le_sf.o)
 .debug_pubnames
                0x00000234       0x22 c:/program files (x86)/atmel/avr tools/avr toolchain/bin/../lib/gcc/avr/4.5.1/avr4\libgcc.a(_si_to_sf.o)
 .debug_pubnames
                0x00000256       0x22 c:/program files (x86)/atmel/avr tools/avr toolchain/bin/../lib/gcc/avr/4.5.1/avr4\libgcc.a(_thenan_sf.o)
 .debug_pubnames
                0x00000278       0x1f c:/program files (x86)/atmel/avr tools/avr toolchain/bin/../lib/gcc/avr/4.5.1/avr4\libgcc.a(_clzsi2.o)
 .debug_pubnames
                0x00000297       0x1f c:/program files (x86)/atmel/avr tools/avr toolchain/bin/../lib/gcc/avr/4.5.1/avr4\libgcc.a(_pack_sf.o)
 .debug_pubnames
                0x000002b6       0x21 c:/program files (x86)/atmel/avr tools/avr toolchain/bin/../lib/gcc/avr/4.5.1/avr4\libgcc.a(_unpack_sf.o)
 .debug_pubnames
                0x000002d7       0x26 c:/program files (x86)/atmel/avr tools/avr toolchain/bin/../lib/gcc/avr/4.5.1/avr4\libgcc.a(_fpcmp_parts_sf.o)
 .debug_pubnames
                0x000002fd       0x20 c:/program files (x86)/atmel/avr tools/avr toolchain/bin/../lib/gcc/avr/4.5.1/avr4\libgcc.a(_clz.o)
 .debug_pubnames
                0x0000031d       0x1e c:/program files (x86)/atmel/avr tools/avr toolchain/bin/../lib/gcc/avr/4.5.1/../../../../avr/lib/avr4\libc.a(dtostrf.o)
 .debug_pubnames
                0x0000033b       0x1f c:/program files (x86)/atmel/avr tools/avr toolchain/bin/../lib/gcc/avr/4.5.1/../../../../avr/lib/avr4\libc.a(dtoa_prf.o)

.debug_info     0x00000000     0x2671
 *(.debug_info)
 .debug_info    0x00000000       0x46 main.o
 .debug_info    0x00000046      0x5e3 lcd.o
 .debug_info    0x00000629      0x1c8 keyboard.o
 .debug_info    0x000007f1      0x44f calculator.o
 .debug_info    0x00000c40       0xca uart.o
 .debug_info    0x00000d0a      0x455 c:/program files (x86)/atmel/avr tools/avr toolchain/bin/../lib/gcc/avr/4.5.1/avr4\libgcc.a(_addsub_sf.o)
 .debug_info    0x0000115f      0x3ec c:/program files (x86)/atmel/avr tools/avr toolchain/bin/../lib/gcc/avr/4.5.1/avr4\libgcc.a(_mul_sf.o)
 .debug_info    0x0000154b      0x28a c:/program files (x86)/atmel/avr tools/avr toolchain/bin/../lib/gcc/avr/4.5.1/avr4\libgcc.a(_le_sf.o)
 .debug_info    0x000017d5      0x22f c:/program files (x86)/atmel/avr tools/avr toolchain/bin/../lib/gcc/avr/4.5.1/avr4\libgcc.a(_si_to_sf.o)
 .debug_info    0x00001a04      0x15e c:/program files (x86)/atmel/avr tools/avr toolchain/bin/../lib/gcc/avr/4.5.1/avr4\libgcc.a(_thenan_sf.o)
 .debug_info    0x00001b62      0x12c c:/program files (x86)/atmel/avr tools/avr toolchain/bin/../lib/gcc/avr/4.5.1/avr4\libgcc.a(_clzsi2.o)
 .debug_info    0x00001c8e      0x2d9 c:/program files (x86)/atmel/avr tools/avr toolchain/bin/../lib/gcc/avr/4.5.1/avr4\libgcc.a(_pack_sf.o)
 .debug_info    0x00001f67      0x25c c:/program files (x86)/atmel/avr tools/avr toolchain/bin/../lib/gcc/avr/4.5.1/avr4\libgcc.a(_unpack_sf.o)
 .debug_info    0x000021c3      0x1f1 c:/program files (x86)/atmel/avr tools/avr toolchain/bin/../lib/gcc/avr/4.5.1/avr4\libgcc.a(_fpcmp_parts_sf.o)
 .debug_info    0x000023b4       0xa6 c:/program files (x86)/atmel/avr tools/avr toolchain/bin/../lib/gcc/avr/4.5.1/avr4\libgcc.a(_clz.o)
 .debug_info    0x0000245a       0xdb c:/program files (x86)/atmel/avr tools/avr toolchain/bin/../lib/gcc/avr/4.5.1/../../../../avr/lib/avr4\libc.a(dtostrf.o)
 .debug_info    0x00002535      0x13c c:/program files (x86)/atmel/avr tools/avr toolchain/bin/../lib/gcc/avr/4.5.1/../../../../avr/lib/avr4\libc.a(dtoa_prf.o)
 *(.gnu.linkonce.wi.*)

.debug_abbrev   0x00000000     0x12bb
 *(.debug_abbrev)
 .debug_abbrev  0x00000000       0x36 main.o
 .debug_abbrev  0x00000036      0x18c lcd.o
 .debug_abbrev  0x000001c2      0x14d keyboard.o
 .debug_abbrev  0x0000030f      0x1eb calculator.o
 .debug_abbrev  0x000004fa       0x91 uart.o
 .debug_abbrev  0x0000058b      0x1af c:/program files (x86)/atmel/avr tools/avr toolchain/bin/../lib/gcc/avr/4.5.1/avr4\libgcc.a(_addsub_sf.o)
 .debug_abbrev  0x0000073a      0x1d9 c:/program files (x86)/atmel/avr tools/avr toolchain/bin/../lib/gcc/avr/4.5.1/avr4\libgcc.a(_mul_sf.o)
 .debug_abbrev  0x00000913      0x151 c:/program files (x86)/atmel/avr tools/avr toolchain/bin/../lib/gcc/avr/4.5.1/avr4\libgcc.a(_le_sf.o)
 .debug_abbrev  0x00000a64      0x162 c:/program files (x86)/atmel/avr tools/avr toolchain/bin/../lib/gcc/avr/4.5.1/avr4\libgcc.a(_si_to_sf.o)
 .debug_abbrev  0x00000bc6       0xcb c:/program files (x86)/atmel/avr tools/avr toolchain/bin/../lib/gcc/avr/4.5.1/avr4\libgcc.a(_thenan_sf.o)
 .debug_abbrev  0x00000c91       0xce c:/program files (x86)/atmel/avr tools/avr toolchain/bin/../lib/gcc/avr/4.5.1/avr4\libgcc.a(_clzsi2.o)
 .debug_abbrev  0x00000d5f      0x185 c:/program files (x86)/atmel/avr tools/avr toolchain/bin/../lib/gcc/avr/4.5.1/avr4\libgcc.a(_pack_sf.o)
 .debug_abbrev  0x00000ee4      0x14b c:/program files (x86)/atmel/avr tools/avr toolchain/bin/../lib/gcc/avr/4.5.1/avr4\libgcc.a(_unpack_sf.o)
 .debug_abbrev  0x0000102f      0x10b c:/program files (x86)/atmel/avr tools/avr toolchain/bin/../lib/gcc/avr/4.5.1/avr4\libgcc.a(_fpcmp_parts_sf.o)
 .debug_abbrev  0x0000113a       0x61 c:/program files (x86)/atmel/avr tools/avr toolchain/bin/../lib/gcc/avr/4.5.1/avr4\libgcc.a(_clz.o)
 .debug_abbrev  0x0000119b       0x79 c:/program files (x86)/atmel/avr tools/avr toolchain/bin/../lib/gcc/avr/4.5.1/../../../../avr/lib/avr4\libc.a(dtostrf.o)
 .debug_abbrev  0x00001214       0xa7 c:/program files (x86)/atmel/avr tools/avr toolchain/bin/../lib/gcc/avr/4.5.1/../../../../avr/lib/avr4\libc.a(dtoa_prf.o)

.debug_line     0x00000000     0x20aa
 *(.debug_line)
 .debug_line    0x00000000       0x63 main.o
 .debug_line    0x00000063      0x3c3 lcd.o
 .debug_line    0x00000426      0x1d9 keyboard.o
 .debug_line    0x000005ff      0x494 calculator.o
 .debug_line    0x00000a93      0x11d uart.o
 .debug_line    0x00000bb0      0x300 c:/program files (x86)/atmel/avr tools/avr toolchain/bin/../lib/gcc/avr/4.5.1/avr4\libgcc.a(_addsub_sf.o)
 .debug_line    0x00000eb0      0x29c c:/program files (x86)/atmel/avr tools/avr toolchain/bin/../lib/gcc/avr/4.5.1/avr4\libgcc.a(_mul_sf.o)
 .debug_line    0x0000114c      0x117 c:/program files (x86)/atmel/avr tools/avr toolchain/bin/../lib/gcc/avr/4.5.1/avr4\libgcc.a(_le_sf.o)
 .debug_line    0x00001263      0x15f c:/program files (x86)/atmel/avr tools/avr toolchain/bin/../lib/gcc/avr/4.5.1/avr4\libgcc.a(_si_to_sf.o)
 .debug_line    0x000013c2       0xc4 c:/program files (x86)/atmel/avr tools/avr toolchain/bin/../lib/gcc/avr/4.5.1/avr4\libgcc.a(_thenan_sf.o)
 .debug_line    0x00001486      0x101 c:/program files (x86)/atmel/avr tools/avr toolchain/bin/../lib/gcc/avr/4.5.1/avr4\libgcc.a(_clzsi2.o)
 .debug_line    0x00001587      0x207 c:/program files (x86)/atmel/avr tools/avr toolchain/bin/../lib/gcc/avr/4.5.1/avr4\libgcc.a(_pack_sf.o)
 .debug_line    0x0000178e      0x187 c:/program files (x86)/atmel/avr tools/avr toolchain/bin/../lib/gcc/avr/4.5.1/avr4\libgcc.a(_unpack_sf.o)
 .debug_line    0x00001915      0x18b c:/program files (x86)/atmel/avr tools/avr toolchain/bin/../lib/gcc/avr/4.5.1/avr4\libgcc.a(_fpcmp_parts_sf.o)
 .debug_line    0x00001aa0       0xb0 c:/program files (x86)/atmel/avr tools/avr toolchain/bin/../lib/gcc/avr/4.5.1/avr4\libgcc.a(_clz.o)
 .debug_line    0x00001b50       0xd0 c:/program files (x86)/atmel/avr tools/avr toolchain/bin/../lib/gcc/avr/4.5.1/../../../../avr/lib/avr4\libc.a(dtostrf.o)
 .debug_line    0x00001c20      0x48a c:/program files (x86)/atmel/avr tools/avr toolchain/bin/../lib/gcc/avr/4.5.1/../../../../avr/lib/avr4\libc.a(dtoa_prf.o)

.debug_frame    0x00000000      0x310
 *(.debug_frame)
 .debug_frame   0x00000000       0x20 main.o
 .debug_frame   0x00000020       0x90 lcd.o
 .debug_frame   0x000000b0       0x30 keyboard.o
 .debug_frame   0x000000e0       0xa0 calculator.o
 .debug_frame   0x00000180       0x30 uart.o
 .debug_frame   0x000001b0       0x40 c:/program files (x86)/atmel/avr tools/avr toolchain/bin/../lib/gcc/avr/4.5.1/avr4\libgcc.a(_addsub_sf.o)
 .debug_frame   0x000001f0       0x20 c:/program files (x86)/atmel/avr tools/avr toolchain/bin/../lib/gcc/avr/4.5.1/avr4\libgcc.a(_mul_sf.o)
 .debug_frame   0x00000210       0x20 c:/program files (x86)/atmel/avr tools/avr toolchain/bin/../lib/gcc/avr/4.5.1/avr4\libgcc.a(_le_sf.o)
 .debug_frame   0x00000230       0x20 c:/program files (x86)/atmel/avr tools/avr toolchain/bin/../lib/gcc/avr/4.5.1/avr4\libgcc.a(_si_to_sf.o)
 .debug_frame   0x00000250       0x20 c:/program files (x86)/atmel/avr tools/avr toolchain/bin/../lib/gcc/avr/4.5.1/avr4\libgcc.a(_clzsi2.o)
 .debug_frame   0x00000270       0x20 c:/program files (x86)/atmel/avr tools/avr toolchain/bin/../lib/gcc/avr/4.5.1/avr4\libgcc.a(_pack_sf.o)
 .debug_frame   0x00000290       0x20 c:/program files (x86)/atmel/avr tools/avr toolchain/bin/../lib/gcc/avr/4.5.1/avr4\libgcc.a(_unpack_sf.o)
 .debug_frame   0x000002b0       0x20 c:/program files (x86)/atmel/avr tools/avr toolchain/bin/../lib/gcc/avr/4.5.1/avr4\libgcc.a(_fpcmp_parts_sf.o)
 .debug_frame   0x000002d0       0x20 c:/program files (x86)/atmel/avr tools/avr toolchain/bin/../lib/gcc/avr/4.5.1/../../../../avr/lib/avr4\libc.a(dtostrf.o)
 .debug_frame   0x000002f0       0x20 c:/program files (x86)/atmel/avr tools/avr toolchain/bin/../lib/gcc/avr/4.5.1/../../../../avr/lib/avr4\libc.a(dtoa_prf.o)

.debug_str      0x00000000      0x63c
 *(.debug_str)
 .debug_str     0x00000000       0x4e main.o
 .debug_str     0x0000004e      0x121 lcd.o
                                0x1a6 (size before relaxing)
 .debug_str     0x0000016f       0x2a keyboard.o
                                0x13e (size before relaxing)
 .debug_str     0x00000199       0xb3 calculator.o
                                0x1e2 (size before relaxing)
 .debug_str     0x0000024c       0x1d uart.o
                                 0xd5 (size before relaxing)
 .debug_str     0x00000269      0x1cd c:/program files (x86)/atmel/avr tools/avr toolchain/bin/../lib/gcc/avr/4.5.1/avr4\libgcc.a(_addsub_sf.o)
                                0x24f (size before relaxing)
 .debug_str     0x00000436       0x27 c:/program files (x86)/atmel/avr tools/avr toolchain/bin/../lib/gcc/avr/4.5.1/avr4\libgcc.a(_mul_sf.o)
                                0x208 (size before relaxing)
 .debug_str     0x0000045d        0x8 c:/program files (x86)/atmel/avr tools/avr toolchain/bin/../lib/gcc/avr/4.5.1/avr4\libgcc.a(_le_sf.o)
                                0x1d6 (size before relaxing)
 .debug_str     0x00000465       0x27 c:/program files (x86)/atmel/avr tools/avr toolchain/bin/../lib/gcc/avr/4.5.1/avr4\libgcc.a(_si_to_sf.o)
                                0x1c5 (size before relaxing)
 .debug_str     0x00000000      0x181 c:/program files (x86)/atmel/avr tools/avr toolchain/bin/../lib/gcc/avr/4.5.1/avr4\libgcc.a(_thenan_sf.o)
 .debug_str     0x0000048c       0x87 c:/program files (x86)/atmel/avr tools/avr toolchain/bin/../lib/gcc/avr/4.5.1/avr4\libgcc.a(_clzsi2.o)
                                0x186 (size before relaxing)
 .debug_str     0x00000513       0x10 c:/program files (x86)/atmel/avr tools/avr toolchain/bin/../lib/gcc/avr/4.5.1/avr4\libgcc.a(_pack_sf.o)
                                0x1de (size before relaxing)
 .debug_str     0x00000523        0xb c:/program files (x86)/atmel/avr tools/avr toolchain/bin/../lib/gcc/avr/4.5.1/avr4\libgcc.a(_unpack_sf.o)
                                0x1c0 (size before relaxing)
 .debug_str     0x0000052e       0x10 c:/program files (x86)/atmel/avr tools/avr toolchain/bin/../lib/gcc/avr/4.5.1/avr4\libgcc.a(_fpcmp_parts_sf.o)
                                0x1a4 (size before relaxing)
 .debug_str     0x00000000      0x169 c:/program files (x86)/atmel/avr tools/avr toolchain/bin/../lib/gcc/avr/4.5.1/avr4\libgcc.a(_clz.o)
 .debug_str     0x0000053e       0x83 c:/program files (x86)/atmel/avr tools/avr toolchain/bin/../lib/gcc/avr/4.5.1/../../../../avr/lib/avr4\libc.a(dtostrf.o)
                                0x102 (size before relaxing)
 .debug_str     0x000005c1       0x7b c:/program files (x86)/atmel/avr tools/avr toolchain/bin/../lib/gcc/avr/4.5.1/../../../../avr/lib/avr4\libc.a(dtoa_prf.o)
                                0x110 (size before relaxing)

.debug_loc      0x00000000     0x1333
 *(.debug_loc)
 .debug_loc     0x00000000       0x82 lcd.o
 .debug_loc     0x00000082       0x8e keyboard.o
 .debug_loc     0x00000110      0x108 calculator.o
 .debug_loc     0x00000218       0x34 uart.o
 .debug_loc     0x0000024c      0x31d c:/program files (x86)/atmel/avr tools/avr toolchain/bin/../lib/gcc/avr/4.5.1/avr4\libgcc.a(_addsub_sf.o)
 .debug_loc     0x00000569      0x2a4 c:/program files (x86)/atmel/avr tools/avr toolchain/bin/../lib/gcc/avr/4.5.1/avr4\libgcc.a(_mul_sf.o)
 .debug_loc     0x0000080d       0x48 c:/program files (x86)/atmel/avr tools/avr toolchain/bin/../lib/gcc/avr/4.5.1/avr4\libgcc.a(_le_sf.o)
 .debug_loc     0x00000855       0xb4 c:/program files (x86)/atmel/avr tools/avr toolchain/bin/../lib/gcc/avr/4.5.1/avr4\libgcc.a(_si_to_sf.o)
 .debug_loc     0x00000909       0xb2 c:/program files (x86)/atmel/avr tools/avr toolchain/bin/../lib/gcc/avr/4.5.1/avr4\libgcc.a(_clzsi2.o)
 .debug_loc     0x000009bb      0x1f5 c:/program files (x86)/atmel/avr tools/avr toolchain/bin/../lib/gcc/avr/4.5.1/avr4\libgcc.a(_pack_sf.o)
 .debug_loc     0x00000bb0      0x111 c:/program files (x86)/atmel/avr tools/avr toolchain/bin/../lib/gcc/avr/4.5.1/avr4\libgcc.a(_unpack_sf.o)
 .debug_loc     0x00000cc1       0x50 c:/program files (x86)/atmel/avr tools/avr toolchain/bin/../lib/gcc/avr/4.5.1/avr4\libgcc.a(_fpcmp_parts_sf.o)
 .debug_loc     0x00000d11       0x90 c:/program files (x86)/atmel/avr tools/avr toolchain/bin/../lib/gcc/avr/4.5.1/../../../../avr/lib/avr4\libc.a(dtostrf.o)
 .debug_loc     0x00000da1      0x592 c:/program files (x86)/atmel/avr tools/avr toolchain/bin/../lib/gcc/avr/4.5.1/../../../../avr/lib/avr4\libc.a(dtoa_prf.o)

.debug_macinfo
 *(.debug_macinfo)
OUTPUT(avr-calc-8515.elf elf32-avr)
LOAD linker stubs

.debug_pubtypes
                0x00000000      0x525
 .debug_pubtypes
                0x00000000       0x38 lcd.o
 .debug_pubtypes
                0x00000038       0x38 keyboard.o
 .debug_pubtypes
                0x00000070       0x2c calculator.o
 .debug_pubtypes
                0x0000009c       0x1e uart.o
 .debug_pubtypes
                0x000000ba       0x9d c:/program files (x86)/atmel/avr tools/avr toolchain/bin/../lib/gcc/avr/4.5.1/avr4\libgcc.a(_addsub_sf.o)
 .debug_pubtypes
                0x00000157       0x86 c:/program files (x86)/atmel/avr tools/avr toolchain/bin/../lib/gcc/avr/4.5.1/avr4\libgcc.a(_mul_sf.o)
 .debug_pubtypes
                0x000001dd       0x91 c:/program files (x86)/atmel/avr tools/avr toolchain/bin/../lib/gcc/avr/4.5.1/avr4\libgcc.a(_le_sf.o)
 .debug_pubtypes
                0x0000026e       0x7e c:/program files (x86)/atmel/avr tools/avr toolchain/bin/../lib/gcc/avr/4.5.1/avr4\libgcc.a(_si_to_sf.o)
 .debug_pubtypes
                0x000002ec       0x5b c:/program files (x86)/atmel/avr tools/avr toolchain/bin/../lib/gcc/avr/4.5.1/avr4\libgcc.a(_thenan_sf.o)
 .debug_pubtypes
                0x00000347       0x35 c:/program files (x86)/atmel/avr tools/avr toolchain/bin/../lib/gcc/avr/4.5.1/avr4\libgcc.a(_clzsi2.o)
 .debug_pubtypes
                0x0000037c       0x86 c:/program files (x86)/atmel/avr tools/avr toolchain/bin/../lib/gcc/avr/4.5.1/avr4\libgcc.a(_pack_sf.o)
 .debug_pubtypes
                0x00000402       0x86 c:/program files (x86)/atmel/avr tools/avr toolchain/bin/../lib/gcc/avr/4.5.1/avr4\libgcc.a(_unpack_sf.o)
 .debug_pubtypes
                0x00000488       0x5b c:/program files (x86)/atmel/avr tools/avr toolchain/bin/../lib/gcc/avr/4.5.1/avr4\libgcc.a(_fpcmp_parts_sf.o)
 .debug_pubtypes
                0x000004e3       0x1e c:/program files (x86)/atmel/avr tools/avr toolchain/bin/../lib/gcc/avr/4.5.1/avr4\libgcc.a(_clz.o)
 .debug_pubtypes
                0x00000501       0x12 c:/program files (x86)/atmel/avr tools/avr toolchain/bin/../lib/gcc/avr/4.5.1/../../../../avr/lib/avr4\libc.a(dtostrf.o)
 .debug_pubtypes
                0x00000513       0x12 c:/program files (x86)/atmel/avr tools/avr toolchain/bin/../lib/gcc/avr/4.5.1/../../../../avr/lib/avr4\libc.a(dtoa_prf.o)

.debug_ranges   0x00000000       0xb8
 .debug_ranges  0x00000000       0x38 keyboard.o
 .debug_ranges  0x00000038       0x18 calculator.o
 .debug_ranges  0x00000050       0x30 c:/program files (x86)/atmel/avr tools/avr toolchain/bin/../lib/gcc/avr/4.5.1/avr4\libgcc.a(_mul_sf.o)
 .debug_ranges  0x00000080       0x18 c:/program files (x86)/atmel/avr tools/avr toolchain/bin/../lib/gcc/avr/4.5.1/avr4\libgcc.a(_si_to_sf.o)
 .debug_ranges  0x00000098       0x10 c:/program files (x86)/atmel/avr tools/avr toolchain/bin/../lib/gcc/avr/4.5.1/../../../../avr/lib/avr4\libc.a(dtostrf.o)
 .debug_ranges  0x000000a8       0x10 c:/program files (x86)/atmel/avr tools/avr toolchain/bin/../lib/gcc/avr/4.5.1/../../../../avr/lib/avr4\libc.a(dtoa_prf.o)
